// Jest Snapshot v1, https://goo.gl/fbAQLP

exports[`messageRewrite should match snapshot 1`] = `"xin ch√†o NAME"`;
